Archive member included to satisfy reference by file (symbol)

/usr/lib/gcc/arm-none-eabi/10.3.1/../../../arm-none-eabi/lib/thumb/v7-m/nofp/libc.a(lib_a-atexit.o)
                              /usr/lib/gcc/arm-none-eabi/10.3.1/../../../arm-none-eabi/lib/thumb/v7-m/nofp/crt0.o (atexit)
/usr/lib/gcc/arm-none-eabi/10.3.1/../../../arm-none-eabi/lib/thumb/v7-m/nofp/libc.a(lib_a-errno.o)
                              CMakeFiles/test5.elf.dir/Core/Src/syscalls.c.obj (__errno)
/usr/lib/gcc/arm-none-eabi/10.3.1/../../../arm-none-eabi/lib/thumb/v7-m/nofp/libc.a(lib_a-exit.o)
                              /usr/lib/gcc/arm-none-eabi/10.3.1/../../../arm-none-eabi/lib/thumb/v7-m/nofp/crt0.o (exit)
/usr/lib/gcc/arm-none-eabi/10.3.1/../../../arm-none-eabi/lib/thumb/v7-m/nofp/libc.a(lib_a-fini.o)
                              /usr/lib/gcc/arm-none-eabi/10.3.1/../../../arm-none-eabi/lib/thumb/v7-m/nofp/crt0.o (__libc_fini_array)
/usr/lib/gcc/arm-none-eabi/10.3.1/../../../arm-none-eabi/lib/thumb/v7-m/nofp/libc.a(lib_a-impure.o)
                              /usr/lib/gcc/arm-none-eabi/10.3.1/../../../arm-none-eabi/lib/thumb/v7-m/nofp/libc.a(lib_a-exit.o) (_global_impure_ptr)
/usr/lib/gcc/arm-none-eabi/10.3.1/../../../arm-none-eabi/lib/thumb/v7-m/nofp/libc.a(lib_a-init.o)
                              /usr/lib/gcc/arm-none-eabi/10.3.1/../../../arm-none-eabi/lib/thumb/v7-m/nofp/crt0.o (__libc_init_array)
/usr/lib/gcc/arm-none-eabi/10.3.1/../../../arm-none-eabi/lib/thumb/v7-m/nofp/libc.a(lib_a-memset.o)
                              /usr/lib/gcc/arm-none-eabi/10.3.1/../../../arm-none-eabi/lib/thumb/v7-m/nofp/crt0.o (memset)
/usr/lib/gcc/arm-none-eabi/10.3.1/../../../arm-none-eabi/lib/thumb/v7-m/nofp/libc.a(lib_a-__atexit.o)
                              /usr/lib/gcc/arm-none-eabi/10.3.1/../../../arm-none-eabi/lib/thumb/v7-m/nofp/libc.a(lib_a-atexit.o) (__register_exitproc)
/usr/lib/gcc/arm-none-eabi/10.3.1/../../../arm-none-eabi/lib/thumb/v7-m/nofp/libc.a(lib_a-__call_atexit.o)
                              /usr/lib/gcc/arm-none-eabi/10.3.1/../../../arm-none-eabi/lib/thumb/v7-m/nofp/libc.a(lib_a-exit.o) (__call_exitprocs)

Discarded input sections

 .text          0x0000000000000000        0x0 /usr/lib/gcc/arm-none-eabi/10.3.1/thumb/v7-m/nofp/crti.o
 .data          0x0000000000000000        0x0 /usr/lib/gcc/arm-none-eabi/10.3.1/thumb/v7-m/nofp/crti.o
 .bss           0x0000000000000000        0x0 /usr/lib/gcc/arm-none-eabi/10.3.1/thumb/v7-m/nofp/crti.o
 .data          0x0000000000000000        0x4 /usr/lib/gcc/arm-none-eabi/10.3.1/thumb/v7-m/nofp/crtbegin.o
 .rodata        0x0000000000000000       0x24 /usr/lib/gcc/arm-none-eabi/10.3.1/thumb/v7-m/nofp/crtbegin.o
 .text          0x0000000000000000       0x70 /usr/lib/gcc/arm-none-eabi/10.3.1/../../../arm-none-eabi/lib/thumb/v7-m/nofp/crt0.o
 .data          0x0000000000000000        0x0 /usr/lib/gcc/arm-none-eabi/10.3.1/../../../arm-none-eabi/lib/thumb/v7-m/nofp/crt0.o
 .bss           0x0000000000000000        0x0 /usr/lib/gcc/arm-none-eabi/10.3.1/../../../arm-none-eabi/lib/thumb/v7-m/nofp/crt0.o
 .ARM.extab     0x0000000000000000        0x0 /usr/lib/gcc/arm-none-eabi/10.3.1/../../../arm-none-eabi/lib/thumb/v7-m/nofp/crt0.o
 .ARM.exidx     0x0000000000000000       0x10 /usr/lib/gcc/arm-none-eabi/10.3.1/../../../arm-none-eabi/lib/thumb/v7-m/nofp/crt0.o
 .debug_line    0x0000000000000000       0x87 /usr/lib/gcc/arm-none-eabi/10.3.1/../../../arm-none-eabi/lib/thumb/v7-m/nofp/crt0.o
 .debug_info    0x0000000000000000       0x26 /usr/lib/gcc/arm-none-eabi/10.3.1/../../../arm-none-eabi/lib/thumb/v7-m/nofp/crt0.o
 .debug_abbrev  0x0000000000000000       0x14 /usr/lib/gcc/arm-none-eabi/10.3.1/../../../arm-none-eabi/lib/thumb/v7-m/nofp/crt0.o
 .debug_aranges
                0x0000000000000000       0x20 /usr/lib/gcc/arm-none-eabi/10.3.1/../../../arm-none-eabi/lib/thumb/v7-m/nofp/crt0.o
 .debug_str     0x0000000000000000       0x94 /usr/lib/gcc/arm-none-eabi/10.3.1/../../../arm-none-eabi/lib/thumb/v7-m/nofp/crt0.o
 .ARM.attributes
                0x0000000000000000       0x1b /usr/lib/gcc/arm-none-eabi/10.3.1/../../../arm-none-eabi/lib/thumb/v7-m/nofp/crt0.o
 .text          0x0000000000000000        0x0 CMakeFiles/test5.elf.dir/Core/Src/dma.c.obj
 .data          0x0000000000000000        0x0 CMakeFiles/test5.elf.dir/Core/Src/dma.c.obj
 .bss           0x0000000000000000        0x0 CMakeFiles/test5.elf.dir/Core/Src/dma.c.obj
 .text          0x0000000000000000        0x0 CMakeFiles/test5.elf.dir/Core/Src/gpio.c.obj
 .data          0x0000000000000000        0x0 CMakeFiles/test5.elf.dir/Core/Src/gpio.c.obj
 .bss           0x0000000000000000        0x0 CMakeFiles/test5.elf.dir/Core/Src/gpio.c.obj
 .text          0x0000000000000000        0x0 CMakeFiles/test5.elf.dir/Core/Src/main.c.obj
 .data          0x0000000000000000        0x0 CMakeFiles/test5.elf.dir/Core/Src/main.c.obj
 .bss           0x0000000000000000        0x0 CMakeFiles/test5.elf.dir/Core/Src/main.c.obj
[...]
Memory Configuration

Name             Origin             Length             Attributes
RAM              0x0000000020000000 0x000000000000c000 xrw
FLASH            0x0000000008000000 0x0000000000040000 xr
*default*        0x0000000000000000 0xffffffffffffffff

Linker script and memory map

LOAD /usr/lib/gcc/arm-none-eabi/10.3.1/thumb/v7-m/nofp/crti.o
LOAD /usr/lib/gcc/arm-none-eabi/10.3.1/thumb/v7-m/nofp/crtbegin.o
LOAD /usr/lib/gcc/arm-none-eabi/10.3.1/../../../arm-none-eabi/lib/thumb/v7-m/nofp/crt0.o
LOAD CMakeFiles/test5.elf.dir/Core/Src/dma.c.obj
LOAD CMakeFiles/test5.elf.dir/Core/Src/gpio.c.obj
LOAD CMakeFiles/test5.elf.dir/Core/Src/main.c.obj
LOAD CMakeFiles/test5.elf.dir/Core/Src/spi.c.obj
LOAD CMakeFiles/test5.elf.dir/Core/Src/stm32f1xx_hal_msp.c.obj
LOAD CMakeFiles/test5.elf.dir/Core/Src/stm32f1xx_it.c.obj
LOAD CMakeFiles/test5.elf.dir/Core/Src/syscalls.c.obj
LOAD CMakeFiles/test5.elf.dir/Core/Src/sysmem.c.obj
LOAD CMakeFiles/test5.elf.dir/Core/Src/system_stm32f1xx.c.obj
LOAD CMakeFiles/test5.elf.dir/Core/Src/usart.c.obj
LOAD CMakeFiles/test5.elf.dir/Core/Src/ws28122.c.obj
LOAD CMakeFiles/test5.elf.dir/Core/Startup/startup_stm32f103rctx.s.obj
LOAD CMakeFiles/test5.elf.dir/Drivers/STM32F1xx_HAL_Driver/Src/stm32f1xx_hal.c.obj
LOAD CMakeFiles/test5.elf.dir/Drivers/STM32F1xx_HAL_Driver/Src/stm32f1xx_hal_cortex.c.obj
LOAD CMakeFiles/test5.elf.dir/Drivers/STM32F1xx_HAL_Driver/Src/stm32f1xx_hal_dma.c.obj
LOAD CMakeFiles/test5.elf.dir/Drivers/STM32F1xx_HAL_Driver/Src/stm32f1xx_hal_exti.c.obj
LOAD CMakeFiles/test5.elf.dir/Drivers/STM32F1xx_HAL_Driver/Src/stm32f1xx_hal_flash.c.obj
LOAD CMakeFiles/test5.elf.dir/Drivers/STM32F1xx_HAL_Driver/Src/stm32f1xx_hal_flash_ex.c.obj
LOAD CMakeFiles/test5.elf.dir/Drivers/STM32F1xx_HAL_Driver/Src/stm32f1xx_hal_gpio.c.obj
LOAD CMakeFiles/test5.elf.dir/Drivers/STM32F1xx_HAL_Driver/Src/stm32f1xx_hal_gpio_ex.c.obj
LOAD CMakeFiles/test5.elf.dir/Drivers/STM32F1xx_HAL_Driver/Src/stm32f1xx_hal_pwr.c.obj
LOAD CMakeFiles/test5.elf.dir/Drivers/STM32F1xx_HAL_Driver/Src/stm32f1xx_hal_rcc.c.obj
LOAD CMakeFiles/test5.elf.dir/Drivers/STM32F1xx_HAL_Driver/Src/stm32f1xx_hal_rcc_ex.c.obj
LOAD CMakeFiles/test5.elf.dir/Drivers/STM32F1xx_HAL_Driver/Src/stm32f1xx_hal_spi.c.obj
LOAD CMakeFiles/test5.elf.dir/Drivers/STM32F1xx_HAL_Driver/Src/stm32f1xx_hal_uart.c.obj
START GROUP
LOAD /usr/lib/gcc/arm-none-eabi/10.3.1/thumb/v7-m/nofp/libgcc.a
LOAD /usr/lib/gcc/arm-none-eabi/10.3.1/../../../arm-none-eabi/lib/thumb/v7-m/nofp/libc.a
END GROUP
LOAD /usr/lib/gcc/arm-none-eabi/10.3.1/thumb/v7-m/nofp/crtend.o
LOAD /usr/lib/gcc/arm-none-eabi/10.3.1/thumb/v7-m/nofp/crtn.o
                0x000000002000c000                _estack = (ORIGIN (RAM) + LENGTH (RAM))
                0x0000000000000200                _Min_Heap_Size = 0x200
                0x0000000000000400                _Min_Stack_Size = 0x400

.isr_vector     0x0000000008000000      0x1e4
                0x0000000008000000                . = ALIGN (0x4)
 *(.isr_vector)
 .isr_vector    0x0000000008000000      0x1e4 CMakeFiles/test5.elf.dir/Core/Startup/startup_stm32f103rctx.s.obj
                0x0000000008000000                g_pfnVectors
                0x00000000080001e4                . = ALIGN (0x4)

.text           0x00000000080001e4     0x2060
                0x00000000080001e4                . = ALIGN (0x4)
 *(.text)
 .text          0x00000000080001e4       0x88 /usr/lib/gcc/arm-none-eabi/10.3.1/thumb/v7-m/nofp/crtbegin.o
 .text          0x000000000800026c        0xc /usr/lib/gcc/arm-none-eabi/10.3.1/../../../arm-none-eabi/lib/thumb/v7-m/nofp/libc.a(lib_a-atexit.o)
                0x000000000800026c                atexit
 .text          0x0000000008000278       0x2c /usr/lib/gcc/arm-none-eabi/10.3.1/../../../arm-none-eabi/lib/thumb/v7-m/nofp/libc.a(lib_a-fini.o)
                0x0000000008000278                __libc_fini_array
 .text          0x00000000080002a4       0x48 /usr/lib/gcc/arm-none-eabi/10.3.1/../../../arm-none-eabi/lib/thumb/v7-m/nofp/libc.a(lib_a-init.o)
                0x00000000080002a4                __libc_init_array
 .text          0x00000000080002ec       0xa4 /usr/lib/gcc/arm-none-eabi/10.3.1/../../../arm-none-eabi/lib/thumb/v7-m/nofp/libc.a(lib_a-memset.o)
                0x00000000080002ec                memset
 .text          0x0000000008000390       0x64 /usr/lib/gcc/arm-none-eabi/10.3.1/../../../arm-none-eabi/lib/thumb/v7-m/nofp/libc.a(lib_a-__atexit.o)
                0x0000000008000390                __register_exitproc
 *(.text*)
 .text.MX_DMA_Init
                0x00000000080003f4       0x64 CMakeFiles/test5.elf.dir/Core/Src/dma.c.obj
                0x00000000080003f4                MX_DMA_Init
 .text.MX_GPIO_Init
                0x0000000008000458       0x54 CMakeFiles/test5.elf.dir/Core/Src/gpio.c.obj
                0x0000000008000458                MX_GPIO_Init
 .text.HAL_UARTEx_RxEventCallback
                0x00000000080004ac       0x30 CMakeFiles/test5.elf.dir/Core/Src/main.c.obj
                0x00000000080004ac                HAL_UARTEx_RxEventCallback
 .text.Error_Handler
                0x00000000080004dc        0x4 CMakeFiles/test5.elf.dir/Core/Src/main.c.obj
                0x00000000080004dc                Error_Handler
 .text.SystemClock_Config
                0x00000000080004e0       0x64 CMakeFiles/test5.elf.dir/Core/Src/main.c.obj
                0x00000000080004e0                SystemClock_Config
 .text.main     0x0000000008000544       0x30 CMakeFiles/test5.elf.dir/Core/Src/main.c.obj
                0x0000000008000544                main
 .text.MX_SPI3_Init
                0x0000000008000574       0x48 CMakeFiles/test5.elf.dir/Core/Src/spi.c.obj
                0x0000000008000574                MX_SPI3_Init
 .text.HAL_SPI_MspInit
                0x00000000080005bc       0x98 CMakeFiles/test5.elf.dir/Core/Src/spi.c.obj
                0x00000000080005bc                HAL_SPI_MspInit
 .text.HAL_MspInit
                0x0000000008000654       0x44 CMakeFiles/test5.elf.dir/Core/Src/stm32f1xx_hal_msp.c.obj
                0x0000000008000654                HAL_MspInit
 .text.NMI_Handler
                0x0000000008000698        0x2 CMakeFiles/test5.elf.dir/Core/Src/stm32f1xx_it.c.obj
                0x0000000008000698                NMI_Handler
 .text.HardFault_Handler
                0x000000000800069a        0x2 CMakeFiles/test5.elf.dir/Core/Src/stm32f1xx_it.c.obj
                0x000000000800069a                HardFault_Handler
 .text.MemManage_Handler
                0x000000000800069c        0x2 CMakeFiles/test5.elf.dir/Core/Src/stm32f1xx_it.c.obj
                0x000000000800069c                MemManage_Handler
 .text.BusFault_Handler
                0x000000000800069e        0x2 CMakeFiles/test5.elf.dir/Core/Src/stm32f1xx_it.c.obj
                0x000000000800069e                BusFault_Handler
 .text.UsageFault_Handler
                0x00000000080006a0        0x2 CMakeFiles/test5.elf.dir/Core/Src/stm32f1xx_it.c.obj
                0x00000000080006a0                UsageFault_Handler
 .text.SVC_Handler
                0x00000000080006a2        0x2 CMakeFiles/test5.elf.dir/Core/Src/stm32f1xx_it.c.obj
                0x00000000080006a2                SVC_Handler
 .text.DebugMon_Handler
                0x00000000080006a4        0x2 CMakeFiles/test5.elf.dir/Core/Src/stm32f1xx_it.c.obj
                0x00000000080006a4                DebugMon_Handler
 .text.PendSV_Handler
                0x00000000080006a6        0x2 CMakeFiles/test5.elf.dir/Core/Src/stm32f1xx_it.c.obj
                0x00000000080006a6                PendSV_Handler
 .text.SysTick_Handler
                0x00000000080006a8        0x8 CMakeFiles/test5.elf.dir/Core/Src/stm32f1xx_it.c.obj
                0x00000000080006a8                SysTick_Handler
 .text.DMA1_Channel4_IRQHandler
                0x00000000080006b0       0x10 CMakeFiles/test5.elf.dir/Core/Src/stm32f1xx_it.c.obj
                0x00000000080006b0                DMA1_Channel4_IRQHandler
 .text.DMA1_Channel5_IRQHandler
                0x00000000080006c0       0x10 CMakeFiles/test5.elf.dir/Core/Src/stm32f1xx_it.c.obj
                0x00000000080006c0                DMA1_Channel5_IRQHandler
 .text.USART1_IRQHandler
                0x00000000080006d0       0x10 CMakeFiles/test5.elf.dir/Core/Src/stm32f1xx_it.c.obj
                0x00000000080006d0                USART1_IRQHandler
 .text.DMA2_Channel2_IRQHandler
                0x00000000080006e0       0x10 CMakeFiles/test5.elf.dir/Core/Src/stm32f1xx_it.c.obj
                0x00000000080006e0                DMA2_Channel2_IRQHandler
 .text.SystemInit
                0x00000000080006f0       0x4c CMakeFiles/test5.elf.dir/Core/Src/system_stm32f1xx.c.obj
                0x00000000080006f0                SystemInit
 .text.MX_USART1_UART_Init
                0x000000000800073c       0x34 CMakeFiles/test5.elf.dir/Core/Src/usart.c.obj
                0x000000000800073c                MX_USART1_UART_Init
 .text.HAL_UART_MspInit
                0x0000000008000770       0xf8 CMakeFiles/test5.elf.dir/Core/Src/usart.c.obj
                0x0000000008000770                HAL_UART_MspInit
 .text.Reset_Handler
                0x0000000008000868       0x48 CMakeFiles/test5.elf.dir/Core/Startup/startup_stm32f103rctx.s.obj
                0x0000000008000868                Reset_Handler
 .text.Default_Handler
                0x00000000080008b0        0x2 CMakeFiles/test5.elf.dir/Core/Startup/startup_stm32f103rctx.s.obj
                0x00000000080008b0                RTC_Alarm_IRQHandler
                0x00000000080008b0                EXTI2_IRQHandler
                0x00000000080008b0                TIM8_TRG_COM_IRQHandler
                0x00000000080008b0                TIM8_CC_IRQHandler
                0x00000000080008b0                TIM1_CC_IRQHandler
                0x00000000080008b0                TIM6_IRQHandler
                0x00000000080008b0                PVD_IRQHandler
                0x00000000080008b0                SDIO_IRQHandler
                0x00000000080008b0                EXTI3_IRQHandler
                0x00000000080008b0                EXTI0_IRQHandler
                0x00000000080008b0                I2C2_EV_IRQHandler
                0x00000000080008b0                ADC1_2_IRQHandler
                0x00000000080008b0                SPI1_IRQHandler
                0x00000000080008b0                TAMPER_IRQHandler
                0x00000000080008b0                TIM8_UP_IRQHandler
                0x00000000080008b0                USART3_IRQHandler
                0x00000000080008b0                RTC_IRQHandler
                0x00000000080008b0                DMA1_Channel7_IRQHandler
                0x00000000080008b0                CAN1_RX1_IRQHandler
                0x00000000080008b0                UART5_IRQHandler
                0x00000000080008b0                ADC3_IRQHandler
                0x00000000080008b0                TIM4_IRQHandler
                0x00000000080008b0                DMA2_Channel1_IRQHandler
                0x00000000080008b0                I2C1_EV_IRQHandler
                0x00000000080008b0                DMA1_Channel6_IRQHandler
                0x00000000080008b0                UART4_IRQHandler
                0x00000000080008b0                TIM3_IRQHandler
                0x00000000080008b0                RCC_IRQHandler
                0x00000000080008b0                TIM1_TRG_COM_IRQHandler
                0x00000000080008b0                DMA1_Channel1_IRQHandler
                0x00000000080008b0                Default_Handler
                0x00000000080008b0                EXTI15_10_IRQHandler
                0x00000000080008b0                TIM7_IRQHandler
                0x00000000080008b0                TIM5_IRQHandler
                0x00000000080008b0                EXTI9_5_IRQHandler
                0x00000000080008b0                SPI2_IRQHandler
                0x00000000080008b0                EXTI4_IRQHandler
                0x00000000080008b0                USB_LP_CAN1_RX0_IRQHandler
                0x00000000080008b0                USB_HP_CAN1_TX_IRQHandler
                0x00000000080008b0                DMA1_Channel3_IRQHandler
                0x00000000080008b0                FSMC_IRQHandler
                0x00000000080008b0                TIM1_UP_IRQHandler
                0x00000000080008b0                WWDG_IRQHandler
                0x00000000080008b0                TIM2_IRQHandler
                0x00000000080008b0                TIM1_BRK_IRQHandler
                0x00000000080008b0                EXTI1_IRQHandler
                0x00000000080008b0                DMA2_Channel4_5_IRQHandler
                0x00000000080008b0                USART2_IRQHandler
                0x00000000080008b0                I2C2_ER_IRQHandler
                0x00000000080008b0                DMA1_Channel2_IRQHandler
                0x00000000080008b0                TIM8_BRK_IRQHandler
                0x00000000080008b0                CAN1_SCE_IRQHandler
                0x00000000080008b0                FLASH_IRQHandler
                0x00000000080008b0                SPI3_IRQHandler
                0x00000000080008b0                I2C1_ER_IRQHandler
                0x00000000080008b0                USBWakeUp_IRQHandler
                0x00000000080008b0                DMA2_Channel3_IRQHandler
 *fill*         0x00000000080008b2        0x2 
 .text.HAL_InitTick
                0x00000000080008b4       0x4c CMakeFiles/test5.elf.dir/Drivers/STM32F1xx_HAL_Driver/Src/stm32f1xx_hal.c.obj
                0x00000000080008b4                HAL_InitTick
 .text.HAL_Init
                0x0000000008000900       0x24 CMakeFiles/test5.elf.dir/Drivers/STM32F1xx_HAL_Driver/Src/stm32f1xx_hal.c.obj
                0x0000000008000900                HAL_Init
 .text.HAL_IncTick
                0x0000000008000924       0x18 CMakeFiles/test5.elf.dir/Drivers/STM32F1xx_HAL_Driver/Src/stm32f1xx_hal.c.obj
                0x0000000008000924                HAL_IncTick
 .text.HAL_GetTick
                0x000000000800093c        0xc CMakeFiles/test5.elf.dir/Drivers/STM32F1xx_HAL_Driver/Src/stm32f1xx_hal.c.obj
                0x000000000800093c                HAL_GetTick
 .text.HAL_NVIC_SetPriorityGrouping
                0x0000000008000948       0x24 CMakeFiles/test5.elf.dir/Drivers/STM32F1xx_HAL_Driver/Src/stm32f1xx_hal_cortex.c.obj
                0x0000000008000948                HAL_NVIC_SetPriorityGrouping
 .text.HAL_NVIC_SetPriority
                0x000000000800096c       0x70 CMakeFiles/test5.elf.dir/Drivers/STM32F1xx_HAL_Driver/Src/stm32f1xx_hal_cortex.c.obj
                0x000000000800096c                HAL_NVIC_SetPriority
 .text.HAL_NVIC_EnableIRQ
                0x00000000080009dc       0x1c CMakeFiles/test5.elf.dir/Drivers/STM32F1xx_HAL_Driver/Src/stm32f1xx_hal_cortex.c.obj
                0x00000000080009dc                HAL_NVIC_EnableIRQ
 .text.HAL_SYSTICK_Config
                0x00000000080009f8       0x28 CMakeFiles/test5.elf.dir/Drivers/STM32F1xx_HAL_Driver/Src/stm32f1xx_hal_cortex.c.obj
                0x00000000080009f8                HAL_SYSTICK_Config
 .text.DMA_SetConfig
                0x0000000008000a20       0x2c CMakeFiles/test5.elf.dir/Drivers/STM32F1xx_HAL_Driver/Src/stm32f1xx_hal_dma.c.obj
 .text.HAL_DMA_Init
                0x0000000008000a4c       0x98 CMakeFiles/test5.elf.dir/Drivers/STM32F1xx_HAL_Driver/Src/stm32f1xx_hal_dma.c.obj
                0x0000000008000a4c                HAL_DMA_Init
 .text.HAL_DMA_Start_IT
                0x0000000008000ae4       0x76 CMakeFiles/test5.elf.dir/Drivers/STM32F1xx_HAL_Driver/Src/stm32f1xx_hal_dma.c.obj
                0x0000000008000ae4                HAL_DMA_Start_IT
 .text.HAL_DMA_Abort
                0x0000000008000b5a       0x46 CMakeFiles/test5.elf.dir/Drivers/STM32F1xx_HAL_Driver/Src/stm32f1xx_hal_dma.c.obj
                0x0000000008000b5a                HAL_DMA_Abort
 .text.HAL_DMA_Abort_IT
                0x0000000008000ba0      0x16c CMakeFiles/test5.elf.dir/Drivers/STM32F1xx_HAL_Driver/Src/stm32f1xx_hal_dma.c.obj
                0x0000000008000ba0                HAL_DMA_Abort_IT
 .text.HAL_DMA_IRQHandler
                0x0000000008000d0c      0x2ec CMakeFiles/test5.elf.dir/Drivers/STM32F1xx_HAL_Driver/Src/stm32f1xx_hal_dma.c.obj
                0x0000000008000d0c                HAL_DMA_IRQHandler
 .text.HAL_GPIO_Init
                0x0000000008000ff8      0x240 CMakeFiles/test5.elf.dir/Drivers/STM32F1xx_HAL_Driver/Src/stm32f1xx_hal_gpio.c.obj
                0x0000000008000ff8                HAL_GPIO_Init
 .text.RCC_Delay
                0x0000000008001238       0x2c CMakeFiles/test5.elf.dir/Drivers/STM32F1xx_HAL_Driver/Src/stm32f1xx_hal_rcc.c.obj
 .text.HAL_RCC_OscConfig
                0x0000000008001264      0x410 CMakeFiles/test5.elf.dir/Drivers/STM32F1xx_HAL_Driver/Src/stm32f1xx_hal_rcc.c.obj
                0x0000000008001264                HAL_RCC_OscConfig
 .text.HAL_RCC_GetSysClockFreq
                0x0000000008001674       0x54 CMakeFiles/test5.elf.dir/Drivers/STM32F1xx_HAL_Driver/Src/stm32f1xx_hal_rcc.c.obj
                0x0000000008001674                HAL_RCC_GetSysClockFreq
 .text.HAL_RCC_ClockConfig
                0x00000000080016c8      0x16c CMakeFiles/test5.elf.dir/Drivers/STM32F1xx_HAL_Driver/Src/stm32f1xx_hal_rcc.c.obj
                0x00000000080016c8                HAL_RCC_ClockConfig
 .text.HAL_RCC_GetHCLKFreq
                0x0000000008001834        0xc CMakeFiles/test5.elf.dir/Drivers/STM32F1xx_HAL_Driver/Src/stm32f1xx_hal_rcc.c.obj
                0x0000000008001834                HAL_RCC_GetHCLKFreq
 .text.HAL_RCC_GetPCLK1Freq
                0x0000000008001840       0x20 CMakeFiles/test5.elf.dir/Drivers/STM32F1xx_HAL_Driver/Src/stm32f1xx_hal_rcc.c.obj
                0x0000000008001840                HAL_RCC_GetPCLK1Freq
 .text.HAL_RCC_GetPCLK2Freq
                0x0000000008001860       0x20 CMakeFiles/test5.elf.dir/Drivers/STM32F1xx_HAL_Driver/Src/stm32f1xx_hal_rcc.c.obj
                0x0000000008001860                HAL_RCC_GetPCLK2Freq
 .text.HAL_SPI_Init
                0x0000000008001880       0xb6 CMakeFiles/test5.elf.dir/Drivers/STM32F1xx_HAL_Driver/Src/stm32f1xx_hal_spi.c.obj
                0x0000000008001880                HAL_SPI_Init
 .text.UART_EndTxTransfer
                0x0000000008001936       0x20 CMakeFiles/test5.elf.dir/Drivers/STM32F1xx_HAL_Driver/Src/stm32f1xx_hal_uart.c.obj
 .text.UART_EndRxTransfer
                0x0000000008001956       0x5c CMakeFiles/test5.elf.dir/Drivers/STM32F1xx_HAL_Driver/Src/stm32f1xx_hal_uart.c.obj
 .text.UART_Transmit_IT
                0x00000000080019b2       0x60 CMakeFiles/test5.elf.dir/Drivers/STM32F1xx_HAL_Driver/Src/stm32f1xx_hal_uart.c.obj
 *fill*         0x0000000008001a12        0x2 
 .text.UART_SetConfig
                0x0000000008001a14       0x94 CMakeFiles/test5.elf.dir/Drivers/STM32F1xx_HAL_Driver/Src/stm32f1xx_hal_uart.c.obj
 .text.UART_WaitOnFlagUntilTimeout
                0x0000000008001aa8       0x8a CMakeFiles/test5.elf.dir/Drivers/STM32F1xx_HAL_Driver/Src/stm32f1xx_hal_uart.c.obj
 .text.HAL_UART_Init
                0x0000000008001b32       0x60 CMakeFiles/test5.elf.dir/Drivers/STM32F1xx_HAL_Driver/Src/stm32f1xx_hal_uart.c.obj
                0x0000000008001b32                HAL_UART_Init
 .text.HAL_UART_Transmit
                0x0000000008001b92       0xcc CMakeFiles/test5.elf.dir/Drivers/STM32F1xx_HAL_Driver/Src/stm32f1xx_hal_uart.c.obj
                0x0000000008001b92                HAL_UART_Transmit
 .text.HAL_UART_TxCpltCallback
                0x0000000008001c5e        0x2 CMakeFiles/test5.elf.dir/Drivers/STM32F1xx_HAL_Driver/Src/stm32f1xx_hal_uart.c.obj
                0x0000000008001c5e                HAL_UART_TxCpltCallback
 .text.UART_EndTransmit_IT
                0x0000000008001c60       0x1a CMakeFiles/test5.elf.dir/Drivers/STM32F1xx_HAL_Driver/Src/stm32f1xx_hal_uart.c.obj
 .text.HAL_UART_RxCpltCallback
                0x0000000008001c7a        0x2 CMakeFiles/test5.elf.dir/Drivers/STM32F1xx_HAL_Driver/Src/stm32f1xx_hal_uart.c.obj
                0x0000000008001c7a                HAL_UART_RxCpltCallback
 .text.HAL_UART_RxHalfCpltCallback
                0x0000000008001c7c        0x2 CMakeFiles/test5.elf.dir/Drivers/STM32F1xx_HAL_Driver/Src/stm32f1xx_hal_uart.c.obj
                0x0000000008001c7c                HAL_UART_RxHalfCpltCallback
 .text.HAL_UART_ErrorCallback
                0x0000000008001c7e        0x2 CMakeFiles/test5.elf.dir/Drivers/STM32F1xx_HAL_Driver/Src/stm32f1xx_hal_uart.c.obj
                0x0000000008001c7e                HAL_UART_ErrorCallback
 .text.UART_DMAError
                0x0000000008001c80       0x58 CMakeFiles/test5.elf.dir/Drivers/STM32F1xx_HAL_Driver/Src/stm32f1xx_hal_uart.c.obj
 .text.UART_DMAAbortOnError
                0x0000000008001cd8       0x10 CMakeFiles/test5.elf.dir/Drivers/STM32F1xx_HAL_Driver/Src/stm32f1xx_hal_uart.c.obj
 .text.UART_Receive_IT
                0x0000000008001ce8       0xe6 CMakeFiles/test5.elf.dir/Drivers/STM32F1xx_HAL_Driver/Src/stm32f1xx_hal_uart.c.obj
 *fill*         0x0000000008001dce        0x2 
 .text.HAL_UART_IRQHandler
                0x0000000008001dd0      0x288 CMakeFiles/test5.elf.dir/Drivers/STM32F1xx_HAL_Driver/Src/stm32f1xx_hal_uart.c.obj
                0x0000000008001dd0                HAL_UART_IRQHandler
 .text.UART_DMARxHalfCplt
                0x0000000008002058       0x1e CMakeFiles/test5.elf.dir/Drivers/STM32F1xx_HAL_Driver/Src/stm32f1xx_hal_uart.c.obj
 .text.UART_DMAReceiveCplt
                0x0000000008002076       0x9a CMakeFiles/test5.elf.dir/Drivers/STM32F1xx_HAL_Driver/Src/stm32f1xx_hal_uart.c.obj
 .text.UART_Start_Receive_DMA
                0x0000000008002110       0xa4 CMakeFiles/test5.elf.dir/Drivers/STM32F1xx_HAL_Driver/Src/stm32f1xx_hal_uart.c.obj
                0x0000000008002110                UART_Start_Receive_DMA
 .text.HAL_UARTEx_ReceiveToIdle_DMA
                0x00000000080021b4       0x62 CMakeFiles/test5.elf.dir/Drivers/STM32F1xx_HAL_Driver/Src/stm32f1xx_hal_uart.c.obj
                0x00000000080021b4                HAL_UARTEx_ReceiveToIdle_DMA
 *fill*         0x0000000008002216        0x2 
 .text.startup  0x0000000008002218       0x14 /usr/lib/gcc/arm-none-eabi/10.3.1/../../../arm-none-eabi/lib/thumb/v7-m/nofp/libc.a(lib_a-__call_atexit.o)
 *(.glue_7)
 .glue_7        0x000000000800222c        0x0 linker stubs
 *(.glue_7t)
 .glue_7t       0x000000000800222c        0x0 linker stubs
 *(.eh_frame)
 .eh_frame      0x000000000800222c        0x0 /usr/lib/gcc/arm-none-eabi/10.3.1/thumb/v7-m/nofp/crtbegin.o
 *(.init)
 .init          0x000000000800222c        0x4 /usr/lib/gcc/arm-none-eabi/10.3.1/thumb/v7-m/nofp/crti.o
                0x000000000800222c                _init
 .init          0x0000000008002230        0x8 /usr/lib/gcc/arm-none-eabi/10.3.1/thumb/v7-m/nofp/crtn.o
 *(.fini)
 .fini          0x0000000008002238        0x4 /usr/lib/gcc/arm-none-eabi/10.3.1/thumb/v7-m/nofp/crti.o
                0x0000000008002238                _fini
 .fini          0x000000000800223c        0x8 /usr/lib/gcc/arm-none-eabi/10.3.1/thumb/v7-m/nofp/crtn.o
                0x0000000008002244                . = ALIGN (0x4)
                0x0000000008002244                _etext = .

.vfp11_veneer   0x0000000008002244        0x0
 .vfp11_veneer  0x0000000008002244        0x0 linker stubs

.v4_bx          0x0000000008002244        0x0
 .v4_bx         0x0000000008002244        0x0 linker stubs

.iplt           0x0000000008002244        0x0
 .iplt          0x0000000008002244        0x0 /usr/lib/gcc/arm-none-eabi/10.3.1/thumb/v7-m/nofp/crtbegin.o

.rodata         0x0000000008002244       0x30
                0x0000000008002244                . = ALIGN (0x4)
 *(.rodata)
 .rodata        0x0000000008002244        0x4 /usr/lib/gcc/arm-none-eabi/10.3.1/../../../arm-none-eabi/lib/thumb/v7-m/nofp/libc.a(lib_a-impure.o)
                0x0000000008002244                _global_impure_ptr
 *(.rodata*)
 .rodata.AHBPrescTable
                0x0000000008002248       0x10 CMakeFiles/test5.elf.dir/Core/Src/system_stm32f1xx.c.obj
                0x0000000008002248                AHBPrescTable
 .rodata.APBPrescTable
                0x0000000008002258        0x8 CMakeFiles/test5.elf.dir/Core/Src/system_stm32f1xx.c.obj
                0x0000000008002258                APBPrescTable
 .rodata.aPLLMULFactorTable.1
                0x0000000008002260       0x10 CMakeFiles/test5.elf.dir/Drivers/STM32F1xx_HAL_Driver/Src/stm32f1xx_hal_rcc.c.obj
 .rodata.aPredivFactorTable.0
                0x0000000008002270        0x2 CMakeFiles/test5.elf.dir/Drivers/STM32F1xx_HAL_Driver/Src/stm32f1xx_hal_rcc.c.obj
                0x0000000008002274                . = ALIGN (0x4)
 *fill*         0x0000000008002272        0x2 

.ARM.extab      0x0000000008002274        0x0
                0x0000000008002274                . = ALIGN (0x4)
 *(.ARM.extab* .gnu.linkonce.armextab.*)
                0x0000000008002274                . = ALIGN (0x4)

.ARM            0x0000000008002274        0x0
                0x0000000008002274                . = ALIGN (0x4)
                0x0000000008002274                __exidx_start = .
 *(.ARM.exidx*)
                0x0000000008002274                __exidx_end = .
                0x0000000008002274                . = ALIGN (0x4)

.preinit_array  0x0000000008002274        0x0
                0x0000000008002274                . = ALIGN (0x4)
                0x0000000008002274                PROVIDE (__preinit_array_start = .)
 *(.preinit_array*)
                0x0000000008002274                PROVIDE (__preinit_array_end = .)
                0x0000000008002274                . = ALIGN (0x4)

.init_array     0x0000000008002274        0x8
                0x0000000008002274                . = ALIGN (0x4)
                0x0000000008002274                PROVIDE (__init_array_start = .)
 *(SORT_BY_NAME(.init_array.*))
 .init_array.00000
                0x0000000008002274        0x4 /usr/lib/gcc/arm-none-eabi/10.3.1/../../../arm-none-eabi/lib/thumb/v7-m/nofp/libc.a(lib_a-__call_atexit.o)
 *(.init_array*)
 .init_array    0x0000000008002278        0x4 /usr/lib/gcc/arm-none-eabi/10.3.1/thumb/v7-m/nofp/crtbegin.o
                0x000000000800227c                PROVIDE (__init_array_end = .)
                0x000000000800227c                . = ALIGN (0x4)

.fini_array     0x000000000800227c        0x4
                0x000000000800227c                . = ALIGN (0x4)
                0x000000000800227c                PROVIDE (__fini_array_start = .)
 *(SORT_BY_NAME(.fini_array.*))
 *(.fini_array*)
 .fini_array    0x000000000800227c        0x4 /usr/lib/gcc/arm-none-eabi/10.3.1/thumb/v7-m/nofp/crtbegin.o
                0x0000000008002280                PROVIDE (__fini_array_end = .)
                0x0000000008002280                . = ALIGN (0x4)
                0x0000000008002280                _sidata = LOADADDR (.data)

.rel.dyn        0x0000000008002280        0x0
 .rel.iplt      0x0000000008002280        0x0 /usr/lib/gcc/arm-none-eabi/10.3.1/thumb/v7-m/nofp/crtbegin.o

.data           0x0000000020000000      0x43c load address 0x0000000008002280
                0x0000000020000000                . = ALIGN (0x4)
                0x0000000020000000                _sdata = .
 *(.data)
 .data          0x0000000020000000      0x430 /usr/lib/gcc/arm-none-eabi/10.3.1/../../../arm-none-eabi/lib/thumb/v7-m/nofp/libc.a(lib_a-impure.o)
                0x0000000020000000                _impure_ptr
 *(.data*)
 .data.SystemCoreClock
                0x0000000020000430        0x4 CMakeFiles/test5.elf.dir/Core/Src/system_stm32f1xx.c.obj
                0x0000000020000430                SystemCoreClock
 .data.uwTickFreq
                0x0000000020000434        0x1 CMakeFiles/test5.elf.dir/Drivers/STM32F1xx_HAL_Driver/Src/stm32f1xx_hal.c.obj
                0x0000000020000434                uwTickFreq
 *fill*         0x0000000020000435        0x3 
 .data.uwTickPrio
                0x0000000020000438        0x4 CMakeFiles/test5.elf.dir/Drivers/STM32F1xx_HAL_Driver/Src/stm32f1xx_hal.c.obj
                0x0000000020000438                uwTickPrio
 *(.RamFunc)
 *(.RamFunc*)
                0x000000002000043c                . = ALIGN (0x4)
                0x000000002000043c                _edata = .

.tm_clone_table
                0x000000002000043c        0x0 load address 0x00000000080026bc
 .tm_clone_table
                0x000000002000043c        0x0 /usr/lib/gcc/arm-none-eabi/10.3.1/thumb/v7-m/nofp/crtbegin.o
 .tm_clone_table
                0x000000002000043c        0x0 /usr/lib/gcc/arm-none-eabi/10.3.1/thumb/v7-m/nofp/crtend.o

.igot.plt       0x000000002000043c        0x0 load address 0x00000000080026bc
 .igot.plt      0x000000002000043c        0x0 /usr/lib/gcc/arm-none-eabi/10.3.1/thumb/v7-m/nofp/crtbegin.o
                0x000000002000043c                . = ALIGN (0x4)

.bss            0x000000002000043c      0x254 load address 0x00000000080026bc
                0x000000002000043c                _sbss = .
                0x000000002000043c                __bss_start__ = _sbss
 *(.bss)
 .bss           0x000000002000043c       0x1c /usr/lib/gcc/arm-none-eabi/10.3.1/thumb/v7-m/nofp/crtbegin.o
 *(.bss*)
 .bss.hdma_spi3_tx
                0x0000000020000458       0x44 CMakeFiles/test5.elf.dir/Core/Src/spi.c.obj
                0x0000000020000458                hdma_spi3_tx
 .bss.hspi3     0x000000002000049c       0x58 CMakeFiles/test5.elf.dir/Core/Src/spi.c.obj
                0x000000002000049c                hspi3
 .bss.hdma_usart1_rx
                0x00000000200004f4       0x44 CMakeFiles/test5.elf.dir/Core/Src/usart.c.obj
                0x00000000200004f4                hdma_usart1_rx
 .bss.hdma_usart1_tx
                0x0000000020000538       0x44 CMakeFiles/test5.elf.dir/Core/Src/usart.c.obj
                0x0000000020000538                hdma_usart1_tx
 .bss.huart1    0x000000002000057c       0x48 CMakeFiles/test5.elf.dir/Core/Src/usart.c.obj
                0x000000002000057c                huart1
 .bss.rx_buffer
                0x00000000200005c4       0xc8 CMakeFiles/test5.elf.dir/Core/Src/usart.c.obj
                0x00000000200005c4                rx_buffer
 .bss.uwTick    0x000000002000068c        0x4 CMakeFiles/test5.elf.dir/Drivers/STM32F1xx_HAL_Driver/Src/stm32f1xx_hal.c.obj
                0x000000002000068c                uwTick
 *(COMMON)
                0x0000000020000690                . = ALIGN (0x4)
                0x0000000020000690                _ebss = .
                0x0000000020000690                __bss_end__ = _ebss

._user_heap_stack
                0x0000000020000690      0x600 load address 0x00000000080026bc
                0x0000000020000690                . = ALIGN (0x8)
                [!provide]                        PROVIDE (end = .)
                0x0000000020000690                PROVIDE (_end = .)
                0x0000000020000890                . = (. + _Min_Heap_Size)
 *fill*         0x0000000020000690      0x200 
                0x0000000020000c90                . = (. + _Min_Stack_Size)
 *fill*         0x0000000020000890      0x400 
                0x0000000020000c90                . = ALIGN (0x8)

/DISCARD/
 libc.a(*)
 libm.a(*)
 libgcc.a(*)

.ARM.attributes
                0x0000000000000000       0x29
 *(.ARM.attributes)
 .ARM.attributes
                0x0000000000000000       0x1d /usr/lib/gcc/arm-none-eabi/10.3.1/thumb/v7-m/nofp/crti.o
 .ARM.attributes
                0x000000000000001d       0x2d /usr/lib/gcc/arm-none-eabi/10.3.1/thumb/v7-m/nofp/crtbegin.o
 .ARM.attributes
                0x000000000000004a       0x2d CMakeFiles/test5.elf.dir/Core/Src/dma.c.obj
 .ARM.attributes
                0x0000000000000077       0x2d CMakeFiles/test5.elf.dir/Core/Src/gpio.c.obj
 .ARM.attributes
                0x00000000000000a4       0x2d CMakeFiles/test5.elf.dir/Core/Src/main.c.obj
 .ARM.attributes
                0x00000000000000d1       0x2d CMakeFiles/test5.elf.dir/Core/Src/spi.c.obj
 .ARM.attributes
                0x00000000000000fe       0x2d CMakeFiles/test5.elf.dir/Core/Src/stm32f1xx_hal_msp.c.obj
 .ARM.attributes
                0x000000000000012b       0x2d CMakeFiles/test5.elf.dir/Core/Src/stm32f1xx_it.c.obj
 .ARM.attributes
                0x0000000000000158       0x2d CMakeFiles/test5.elf.dir/Core/Src/system_stm32f1xx.c.obj
 .ARM.attributes
                0x0000000000000185       0x2d CMakeFiles/test5.elf.dir/Core/Src/usart.c.obj
 .ARM.attributes
                0x00000000000001b2       0x21 CMakeFiles/test5.elf.dir/Core/Startup/startup_stm32f103rctx.s.obj
 .ARM.attributes
                0x00000000000001d3       0x2d CMakeFiles/test5.elf.dir/Drivers/STM32F1xx_HAL_Driver/Src/stm32f1xx_hal.c.obj
 .ARM.attributes
                0x0000000000000200       0x2d CMakeFiles/test5.elf.dir/Drivers/STM32F1xx_HAL_Driver/Src/stm32f1xx_hal_cortex.c.obj
 .ARM.attributes
                0x000000000000022d       0x2d CMakeFiles/test5.elf.dir/Drivers/STM32F1xx_HAL_Driver/Src/stm32f1xx_hal_dma.c.obj
 .ARM.attributes
                0x000000000000025a       0x2d CMakeFiles/test5.elf.dir/Drivers/STM32F1xx_HAL_Driver/Src/stm32f1xx_hal_gpio.c.obj
 .ARM.attributes
                0x0000000000000287       0x2d CMakeFiles/test5.elf.dir/Drivers/STM32F1xx_HAL_Driver/Src/stm32f1xx_hal_rcc.c.obj
 .ARM.attributes
                0x00000000000002b4       0x2d CMakeFiles/test5.elf.dir/Drivers/STM32F1xx_HAL_Driver/Src/stm32f1xx_hal_spi.c.obj
 .ARM.attributes
                0x00000000000002e1       0x2d CMakeFiles/test5.elf.dir/Drivers/STM32F1xx_HAL_Driver/Src/stm32f1xx_hal_uart.c.obj
 .ARM.attributes
                0x000000000000030e       0x2d /usr/lib/gcc/arm-none-eabi/10.3.1/../../../arm-none-eabi/lib/thumb/v7-m/nofp/libc.a(lib_a-atexit.o)
 .ARM.attributes
                0x000000000000033b       0x2d /usr/lib/gcc/arm-none-eabi/10.3.1/../../../arm-none-eabi/lib/thumb/v7-m/nofp/libc.a(lib_a-fini.o)
 .ARM.attributes
                0x0000000000000368       0x2d /usr/lib/gcc/arm-none-eabi/10.3.1/../../../arm-none-eabi/lib/thumb/v7-m/nofp/libc.a(lib_a-impure.o)
 .ARM.attributes
                0x0000000000000395       0x2d /usr/lib/gcc/arm-none-eabi/10.3.1/../../../arm-none-eabi/lib/thumb/v7-m/nofp/libc.a(lib_a-init.o)
 .ARM.attributes
                0x00000000000003c2       0x2d /usr/lib/gcc/arm-none-eabi/10.3.1/../../../arm-none-eabi/lib/thumb/v7-m/nofp/libc.a(lib_a-memset.o)
 .ARM.attributes
                0x00000000000003ef       0x2d /usr/lib/gcc/arm-none-eabi/10.3.1/../../../arm-none-eabi/lib/thumb/v7-m/nofp/libc.a(lib_a-__atexit.o)
 .ARM.attributes
                0x000000000000041c       0x2d /usr/lib/gcc/arm-none-eabi/10.3.1/../../../arm-none-eabi/lib/thumb/v7-m/nofp/libc.a(lib_a-__call_atexit.o)
 .ARM.attributes
                0x0000000000000449       0x2d /usr/lib/gcc/arm-none-eabi/10.3.1/thumb/v7-m/nofp/crtend.o
 .ARM.attributes
                0x0000000000000476       0x1d /usr/lib/gcc/arm-none-eabi/10.3.1/thumb/v7-m/nofp/crtn.o
OUTPUT(test5.elf elf32-littlearm)
LOAD linker stubs
LOAD /usr/lib/gcc/arm-none-eabi/10.3.1/../../../arm-none-eabi/lib/thumb/v7-m/nofp/libc.a
LOAD /usr/lib/gcc/arm-none-eabi/10.3.1/../../../arm-none-eabi/lib/thumb/v7-m/nofp/libm.a
LOAD /usr/lib/gcc/arm-none-eabi/10.3.1/thumb/v7-m/nofp/libgcc.a

.comment        0x0000000000000000       0x33
 .comment       0x0000000000000000       0x33 /usr/lib/gcc/arm-none-eabi/10.3.1/thumb/v7-m/nofp/crtbegin.o
                                         0x34 (size before relaxing)
 .comment       0x0000000000000033       0x34 CMakeFiles/test5.elf.dir/Core/Src/dma.c.obj
 .comment       0x0000000000000033       0x34 CMakeFiles/test5.elf.dir/Core/Src/gpio.c.obj
 .comment       0x0000000000000033       0x34 CMakeFiles/test5.elf.dir/Core/Src/main.c.obj
 .comment       0x0000000000000033       0x34 CMakeFiles/test5.elf.dir/Core/Src/spi.c.obj
 .comment       0x0000000000000033       0x34 CMakeFiles/test5.elf.dir/Core/Src/stm32f1xx_hal_msp.c.obj
 .comment       0x0000000000000033       0x34 CMakeFiles/test5.elf.dir/Core/Src/stm32f1xx_it.c.obj
 .comment       0x0000000000000033       0x34 CMakeFiles/test5.elf.dir/Core/Src/system_stm32f1xx.c.obj
 .comment       0x0000000000000033       0x34 CMakeFiles/test5.elf.dir/Core/Src/usart.c.obj
 .comment       0x0000000000000033       0x34 CMakeFiles/test5.elf.dir/Drivers/STM32F1xx_HAL_Driver/Src/stm32f1xx_hal.c.obj
 .comment       0x0000000000000033       0x34 CMakeFiles/test5.elf.dir/Drivers/STM32F1xx_HAL_Driver/Src/stm32f1xx_hal_cortex.c.obj
 .comment       0x0000000000000033       0x34 CMakeFiles/test5.elf.dir/Drivers/STM32F1xx_HAL_Driver/Src/stm32f1xx_hal_dma.c.obj
 .comment       0x0000000000000033       0x34 CMakeFiles/test5.elf.dir/Drivers/STM32F1xx_HAL_Driver/Src/stm32f1xx_hal_gpio.c.obj
 .comment       0x0000000000000033       0x34 CMakeFiles/test5.elf.dir/Drivers/STM32F1xx_HAL_Driver/Src/stm32f1xx_hal_rcc.c.obj
 .comment       0x0000000000000033       0x34 CMakeFiles/test5.elf.dir/Drivers/STM32F1xx_HAL_Driver/Src/stm32f1xx_hal_spi.c.obj
 .comment       0x0000000000000033       0x34 CMakeFiles/test5.elf.dir/Drivers/STM32F1xx_HAL_Driver/Src/stm32f1xx_hal_uart.c.obj
 .comment       0x0000000000000033       0x34 /usr/lib/gcc/arm-none-eabi/10.3.1/../../../arm-none-eabi/lib/thumb/v7-m/nofp/libc.a(lib_a-atexit.o)
 .comment       0x0000000000000033       0x34 /usr/lib/gcc/arm-none-eabi/10.3.1/../../../arm-none-eabi/lib/thumb/v7-m/nofp/libc.a(lib_a-fini.o)
 .comment       0x0000000000000033       0x34 /usr/lib/gcc/arm-none-eabi/10.3.1/../../../arm-none-eabi/lib/thumb/v7-m/nofp/libc.a(lib_a-impure.o)
 .comment       0x0000000000000033       0x34 /usr/lib/gcc/arm-none-eabi/10.3.1/../../../arm-none-eabi/lib/thumb/v7-m/nofp/libc.a(lib_a-init.o)
 .comment       0x0000000000000033       0x34 /usr/lib/gcc/arm-none-eabi/10.3.1/../../../arm-none-eabi/lib/thumb/v7-m/nofp/libc.a(lib_a-memset.o)
 .comment       0x0000000000000033       0x34 /usr/lib/gcc/arm-none-eabi/10.3.1/../../../arm-none-eabi/lib/thumb/v7-m/nofp/libc.a(lib_a-__atexit.o)
 .comment       0x0000000000000033       0x34 /usr/lib/gcc/arm-none-eabi/10.3.1/../../../arm-none-eabi/lib/thumb/v7-m/nofp/libc.a(lib_a-__call_atexit.o)
 .comment       0x0000000000000033       0x34 /usr/lib/gcc/arm-none-eabi/10.3.1/thumb/v7-m/nofp/crtend.o

.debug_info     0x0000000000000000     0xdc07
 .debug_info    0x0000000000000000      0x3cd CMakeFiles/test5.elf.dir/Core/Src/dma.c.obj
 .debug_info    0x00000000000003cd      0x1aa CMakeFiles/test5.elf.dir/Core/Src/gpio.c.obj
 .debug_info    0x0000000000000577      0x8bd CMakeFiles/test5.elf.dir/Core/Src/main.c.obj
 .debug_info    0x0000000000000e34      0x8ae CMakeFiles/test5.elf.dir/Core/Src/spi.c.obj
 .debug_info    0x00000000000016e2      0x205 CMakeFiles/test5.elf.dir/Core/Src/stm32f1xx_hal_msp.c.obj
 .debug_info    0x00000000000018e7      0x6b9 CMakeFiles/test5.elf.dir/Core/Src/stm32f1xx_it.c.obj
 .debug_info    0x0000000000001fa0      0x3eb CMakeFiles/test5.elf.dir/Core/Src/system_stm32f1xx.c.obj
 .debug_info    0x000000000000238b      0xb12 CMakeFiles/test5.elf.dir/Core/Src/usart.c.obj
 .debug_info    0x0000000000002e9d       0x22 CMakeFiles/test5.elf.dir/Core/Startup/startup_stm32f103rctx.s.obj
 .debug_info    0x0000000000002ebf      0x802 CMakeFiles/test5.elf.dir/Drivers/STM32F1xx_HAL_Driver/Src/stm32f1xx_hal.c.obj
 .debug_info    0x00000000000036c1      0xdcc CMakeFiles/test5.elf.dir/Drivers/STM32F1xx_HAL_Driver/Src/stm32f1xx_hal_cortex.c.obj
 .debug_info    0x000000000000448d      0x83f CMakeFiles/test5.elf.dir/Drivers/STM32F1xx_HAL_Driver/Src/stm32f1xx_hal_dma.c.obj
 .debug_info    0x0000000000004ccc      0x657 CMakeFiles/test5.elf.dir/Drivers/STM32F1xx_HAL_Driver/Src/stm32f1xx_hal_gpio.c.obj
 .debug_info    0x0000000000005323      0xa17 CMakeFiles/test5.elf.dir/Drivers/STM32F1xx_HAL_Driver/Src/stm32f1xx_hal_rcc.c.obj
 .debug_info    0x0000000000005d3a     0x1c72 CMakeFiles/test5.elf.dir/Drivers/STM32F1xx_HAL_Driver/Src/stm32f1xx_hal_spi.c.obj
 .debug_info    0x00000000000079ac     0x40f1 CMakeFiles/test5.elf.dir/Drivers/STM32F1xx_HAL_Driver/Src/stm32f1xx_hal_uart.c.obj
 .debug_info    0x000000000000ba9d      0x100 /usr/lib/gcc/arm-none-eabi/10.3.1/../../../arm-none-eabi/lib/thumb/v7-m/nofp/libc.a(lib_a-atexit.o)
 .debug_info    0x000000000000bb9d      0x102 /usr/lib/gcc/arm-none-eabi/10.3.1/../../../arm-none-eabi/lib/thumb/v7-m/nofp/libc.a(lib_a-fini.o)
 .debug_info    0x000000000000bc9f      0x92a /usr/lib/gcc/arm-none-eabi/10.3.1/../../../arm-none-eabi/lib/thumb/v7-m/nofp/libc.a(lib_a-impure.o)
 .debug_info    0x000000000000c5c9      0x11a /usr/lib/gcc/arm-none-eabi/10.3.1/../../../arm-none-eabi/lib/thumb/v7-m/nofp/libc.a(lib_a-init.o)
 .debug_info    0x000000000000c6e3      0x137 /usr/lib/gcc/arm-none-eabi/10.3.1/../../../arm-none-eabi/lib/thumb/v7-m/nofp/libc.a(lib_a-memset.o)
 .debug_info    0x000000000000c81a      0x9b0 /usr/lib/gcc/arm-none-eabi/10.3.1/../../../arm-none-eabi/lib/thumb/v7-m/nofp/libc.a(lib_a-__atexit.o)
 .debug_info    0x000000000000d1ca      0xa3d /usr/lib/gcc/arm-none-eabi/10.3.1/../../../arm-none-eabi/lib/thumb/v7-m/nofp/libc.a(lib_a-__call_atexit.o)

.debug_abbrev   0x0000000000000000     0x25b6
 .debug_abbrev  0x0000000000000000      0x114 CMakeFiles/test5.elf.dir/Core/Src/dma.c.obj
 .debug_abbrev  0x0000000000000114       0xbf CMakeFiles/test5.elf.dir/Core/Src/gpio.c.obj
 .debug_abbrev  0x00000000000001d3      0x216 CMakeFiles/test5.elf.dir/Core/Src/main.c.obj
 .debug_abbrev  0x00000000000003e9      0x1d0 CMakeFiles/test5.elf.dir/Core/Src/spi.c.obj
 .debug_abbrev  0x00000000000005b9       0xe5 CMakeFiles/test5.elf.dir/Core/Src/stm32f1xx_hal_msp.c.obj
 .debug_abbrev  0x000000000000069e      0x15b CMakeFiles/test5.elf.dir/Core/Src/stm32f1xx_it.c.obj
 .debug_abbrev  0x00000000000007f9      0x13e CMakeFiles/test5.elf.dir/Core/Src/system_stm32f1xx.c.obj
 .debug_abbrev  0x0000000000000937      0x1f6 CMakeFiles/test5.elf.dir/Core/Src/usart.c.obj
 .debug_abbrev  0x0000000000000b2d       0x12 CMakeFiles/test5.elf.dir/Core/Startup/startup_stm32f103rctx.s.obj
 .debug_abbrev  0x0000000000000b3f      0x1f4 CMakeFiles/test5.elf.dir/Drivers/STM32F1xx_HAL_Driver/Src/stm32f1xx_hal.c.obj
 .debug_abbrev  0x0000000000000d33      0x341 CMakeFiles/test5.elf.dir/Drivers/STM32F1xx_HAL_Driver/Src/stm32f1xx_hal_cortex.c.obj
 .debug_abbrev  0x0000000000001074      0x223 CMakeFiles/test5.elf.dir/Drivers/STM32F1xx_HAL_Driver/Src/stm32f1xx_hal_dma.c.obj
 .debug_abbrev  0x0000000000001297      0x1e6 CMakeFiles/test5.elf.dir/Drivers/STM32F1xx_HAL_Driver/Src/stm32f1xx_hal_gpio.c.obj
 .debug_abbrev  0x000000000000147d      0x27a CMakeFiles/test5.elf.dir/Drivers/STM32F1xx_HAL_Driver/Src/stm32f1xx_hal_rcc.c.obj
 .debug_abbrev  0x00000000000016f7      0x233 CMakeFiles/test5.elf.dir/Drivers/STM32F1xx_HAL_Driver/Src/stm32f1xx_hal_spi.c.obj
 .debug_abbrev  0x000000000000192a      0x2dd CMakeFiles/test5.elf.dir/Drivers/STM32F1xx_HAL_Driver/Src/stm32f1xx_hal_uart.c.obj
 .debug_abbrev  0x0000000000001c07       0xb7 /usr/lib/gcc/arm-none-eabi/10.3.1/../../../arm-none-eabi/lib/thumb/v7-m/nofp/libc.a(lib_a-atexit.o)
 .debug_abbrev  0x0000000000001cbe       0xcf /usr/lib/gcc/arm-none-eabi/10.3.1/../../../arm-none-eabi/lib/thumb/v7-m/nofp/libc.a(lib_a-fini.o)
 .debug_abbrev  0x0000000000001d8d      0x1b8 /usr/lib/gcc/arm-none-eabi/10.3.1/../../../arm-none-eabi/lib/thumb/v7-m/nofp/libc.a(lib_a-impure.o)
 .debug_abbrev  0x0000000000001f45       0xcc /usr/lib/gcc/arm-none-eabi/10.3.1/../../../arm-none-eabi/lib/thumb/v7-m/nofp/libc.a(lib_a-init.o)
 .debug_abbrev  0x0000000000002011       0xb4 /usr/lib/gcc/arm-none-eabi/10.3.1/../../../arm-none-eabi/lib/thumb/v7-m/nofp/libc.a(lib_a-memset.o)
 .debug_abbrev  0x00000000000020c5      0x23f /usr/lib/gcc/arm-none-eabi/10.3.1/../../../arm-none-eabi/lib/thumb/v7-m/nofp/libc.a(lib_a-__atexit.o)
 .debug_abbrev  0x0000000000002304      0x2b2 /usr/lib/gcc/arm-none-eabi/10.3.1/../../../arm-none-eabi/lib/thumb/v7-m/nofp/libc.a(lib_a-__call_atexit.o)

.debug_aranges  0x0000000000000000      0x958
 .debug_aranges
                0x0000000000000000       0x20 CMakeFiles/test5.elf.dir/Core/Src/dma.c.obj
 .debug_aranges
                0x0000000000000020       0x20 CMakeFiles/test5.elf.dir/Core/Src/gpio.c.obj
 .debug_aranges
                0x0000000000000040       0x38 CMakeFiles/test5.elf.dir/Core/Src/main.c.obj
 .debug_aranges
                0x0000000000000078       0x30 CMakeFiles/test5.elf.dir/Core/Src/spi.c.obj
 .debug_aranges
                0x00000000000000a8       0x20 CMakeFiles/test5.elf.dir/Core/Src/stm32f1xx_hal_msp.c.obj
 .debug_aranges
                0x00000000000000c8       0x80 CMakeFiles/test5.elf.dir/Core/Src/stm32f1xx_it.c.obj
 .debug_aranges
                0x0000000000000148       0x28 CMakeFiles/test5.elf.dir/Core/Src/system_stm32f1xx.c.obj
 .debug_aranges
                0x0000000000000170       0x30 CMakeFiles/test5.elf.dir/Core/Src/usart.c.obj
 .debug_aranges
                0x00000000000001a0       0x28 CMakeFiles/test5.elf.dir/Core/Startup/startup_stm32f103rctx.s.obj
 .debug_aranges
                0x00000000000001c8       0xe0 CMakeFiles/test5.elf.dir/Drivers/STM32F1xx_HAL_Driver/Src/stm32f1xx_hal.c.obj
 .debug_aranges
                0x00000000000002a8       0x90 CMakeFiles/test5.elf.dir/Drivers/STM32F1xx_HAL_Driver/Src/stm32f1xx_hal_cortex.c.obj
 .debug_aranges
                0x0000000000000338       0x80 CMakeFiles/test5.elf.dir/Drivers/STM32F1xx_HAL_Driver/Src/stm32f1xx_hal_dma.c.obj
 .debug_aranges
                0x00000000000003b8       0x58 CMakeFiles/test5.elf.dir/Drivers/STM32F1xx_HAL_Driver/Src/stm32f1xx_hal_gpio.c.obj
 .debug_aranges
                0x0000000000000410       0x90 CMakeFiles/test5.elf.dir/Drivers/STM32F1xx_HAL_Driver/Src/stm32f1xx_hal_rcc.c.obj
 .debug_aranges
                0x00000000000004a0      0x1d0 CMakeFiles/test5.elf.dir/Drivers/STM32F1xx_HAL_Driver/Src/stm32f1xx_hal_spi.c.obj
 .debug_aranges
                0x0000000000000670      0x208 CMakeFiles/test5.elf.dir/Drivers/STM32F1xx_HAL_Driver/Src/stm32f1xx_hal_uart.c.obj
 .debug_aranges
                0x0000000000000878       0x20 /usr/lib/gcc/arm-none-eabi/10.3.1/../../../arm-none-eabi/lib/thumb/v7-m/nofp/libc.a(lib_a-atexit.o)
 .debug_aranges
                0x0000000000000898       0x20 /usr/lib/gcc/arm-none-eabi/10.3.1/../../../arm-none-eabi/lib/thumb/v7-m/nofp/libc.a(lib_a-fini.o)
 .debug_aranges
                0x00000000000008b8       0x18 /usr/lib/gcc/arm-none-eabi/10.3.1/../../../arm-none-eabi/lib/thumb/v7-m/nofp/libc.a(lib_a-impure.o)
 .debug_aranges
                0x00000000000008d0       0x20 /usr/lib/gcc/arm-none-eabi/10.3.1/../../../arm-none-eabi/lib/thumb/v7-m/nofp/libc.a(lib_a-init.o)
 .debug_aranges
                0x00000000000008f0       0x20 /usr/lib/gcc/arm-none-eabi/10.3.1/../../../arm-none-eabi/lib/thumb/v7-m/nofp/libc.a(lib_a-memset.o)
 .debug_aranges
                0x0000000000000910       0x20 /usr/lib/gcc/arm-none-eabi/10.3.1/../../../arm-none-eabi/lib/thumb/v7-m/nofp/libc.a(lib_a-__atexit.o)
 .debug_aranges
                0x0000000000000930       0x28 /usr/lib/gcc/arm-none-eabi/10.3.1/../../../arm-none-eabi/lib/thumb/v7-m/nofp/libc.a(lib_a-__call_atexit.o)

.debug_ranges   0x0000000000000000      0x868
 .debug_ranges  0x0000000000000000       0x10 CMakeFiles/test5.elf.dir/Core/Src/dma.c.obj
 .debug_ranges  0x0000000000000010       0x10 CMakeFiles/test5.elf.dir/Core/Src/gpio.c.obj
 .debug_ranges  0x0000000000000020       0x28 CMakeFiles/test5.elf.dir/Core/Src/main.c.obj
 .debug_ranges  0x0000000000000048       0x20 CMakeFiles/test5.elf.dir/Core/Src/spi.c.obj
 .debug_ranges  0x0000000000000068       0x10 CMakeFiles/test5.elf.dir/Core/Src/stm32f1xx_hal_msp.c.obj
 .debug_ranges  0x0000000000000078       0x70 CMakeFiles/test5.elf.dir/Core/Src/stm32f1xx_it.c.obj
 .debug_ranges  0x00000000000000e8       0x18 CMakeFiles/test5.elf.dir/Core/Src/system_stm32f1xx.c.obj
 .debug_ranges  0x0000000000000100       0x20 CMakeFiles/test5.elf.dir/Core/Src/usart.c.obj
 .debug_ranges  0x0000000000000120       0x20 CMakeFiles/test5.elf.dir/Core/Startup/startup_stm32f103rctx.s.obj
 .debug_ranges  0x0000000000000140       0xd0 CMakeFiles/test5.elf.dir/Drivers/STM32F1xx_HAL_Driver/Src/stm32f1xx_hal.c.obj
 .debug_ranges  0x0000000000000210       0xe0 CMakeFiles/test5.elf.dir/Drivers/STM32F1xx_HAL_Driver/Src/stm32f1xx_hal_cortex.c.obj
 .debug_ranges  0x00000000000002f0       0x70 CMakeFiles/test5.elf.dir/Drivers/STM32F1xx_HAL_Driver/Src/stm32f1xx_hal_dma.c.obj
 .debug_ranges  0x0000000000000360       0x48 CMakeFiles/test5.elf.dir/Drivers/STM32F1xx_HAL_Driver/Src/stm32f1xx_hal_gpio.c.obj
 .debug_ranges  0x00000000000003a8       0xa0 CMakeFiles/test5.elf.dir/Drivers/STM32F1xx_HAL_Driver/Src/stm32f1xx_hal_rcc.c.obj
 .debug_ranges  0x0000000000000448      0x1c0 CMakeFiles/test5.elf.dir/Drivers/STM32F1xx_HAL_Driver/Src/stm32f1xx_hal_spi.c.obj
 .debug_ranges  0x0000000000000608      0x210 CMakeFiles/test5.elf.dir/Drivers/STM32F1xx_HAL_Driver/Src/stm32f1xx_hal_uart.c.obj
 .debug_ranges  0x0000000000000818       0x50 /usr/lib/gcc/arm-none-eabi/10.3.1/../../../arm-none-eabi/lib/thumb/v7-m/nofp/libc.a(lib_a-__call_atexit.o)

.debug_line     0x0000000000000000     0xafcc
 .debug_line    0x0000000000000000      0x170 CMakeFiles/test5.elf.dir/Core/Src/dma.c.obj
 .debug_line    0x0000000000000170      0x118 CMakeFiles/test5.elf.dir/Core/Src/gpio.c.obj
 .debug_line    0x0000000000000288      0x39b CMakeFiles/test5.elf.dir/Core/Src/main.c.obj
 .debug_line    0x0000000000000623      0x333 CMakeFiles/test5.elf.dir/Core/Src/spi.c.obj
 .debug_line    0x0000000000000956      0x11f CMakeFiles/test5.elf.dir/Core/Src/stm32f1xx_hal_msp.c.obj
 .debug_line    0x0000000000000a75      0x300 CMakeFiles/test5.elf.dir/Core/Src/stm32f1xx_it.c.obj
 .debug_line    0x0000000000000d75      0x26c CMakeFiles/test5.elf.dir/Core/Src/system_stm32f1xx.c.obj
 .debug_line    0x0000000000000fe1      0x3a1 CMakeFiles/test5.elf.dir/Core/Src/usart.c.obj
 .debug_line    0x0000000000001382       0xa5 CMakeFiles/test5.elf.dir/Core/Startup/startup_stm32f103rctx.s.obj
 .debug_line    0x0000000000001427      0x519 CMakeFiles/test5.elf.dir/Drivers/STM32F1xx_HAL_Driver/Src/stm32f1xx_hal.c.obj
 .debug_line    0x0000000000001940      0x600 CMakeFiles/test5.elf.dir/Drivers/STM32F1xx_HAL_Driver/Src/stm32f1xx_hal_cortex.c.obj
 .debug_line    0x0000000000001f40      0xcb9 CMakeFiles/test5.elf.dir/Drivers/STM32F1xx_HAL_Driver/Src/stm32f1xx_hal_dma.c.obj
 .debug_line    0x0000000000002bf9      0x5bc CMakeFiles/test5.elf.dir/Drivers/STM32F1xx_HAL_Driver/Src/stm32f1xx_hal_gpio.c.obj
 .debug_line    0x00000000000031b5      0xbe5 CMakeFiles/test5.elf.dir/Drivers/STM32F1xx_HAL_Driver/Src/stm32f1xx_hal_rcc.c.obj
 .debug_line    0x0000000000003d9a     0x25df CMakeFiles/test5.elf.dir/Drivers/STM32F1xx_HAL_Driver/Src/stm32f1xx_hal_spi.c.obj
 .debug_line    0x0000000000006379     0x4282 CMakeFiles/test5.elf.dir/Drivers/STM32F1xx_HAL_Driver/Src/stm32f1xx_hal_uart.c.obj
 .debug_line    0x000000000000a5fb       0xc0 /usr/lib/gcc/arm-none-eabi/10.3.1/../../../arm-none-eabi/lib/thumb/v7-m/nofp/libc.a(lib_a-atexit.o)
 .debug_line    0x000000000000a6bb       0xed /usr/lib/gcc/arm-none-eabi/10.3.1/../../../arm-none-eabi/lib/thumb/v7-m/nofp/libc.a(lib_a-fini.o)
 .debug_line    0x000000000000a7a8       0xe4 /usr/lib/gcc/arm-none-eabi/10.3.1/../../../arm-none-eabi/lib/thumb/v7-m/nofp/libc.a(lib_a-impure.o)
 .debug_line    0x000000000000a88c      0x13f /usr/lib/gcc/arm-none-eabi/10.3.1/../../../arm-none-eabi/lib/thumb/v7-m/nofp/libc.a(lib_a-init.o)
 .debug_line    0x000000000000a9cb      0x1bf /usr/lib/gcc/arm-none-eabi/10.3.1/../../../arm-none-eabi/lib/thumb/v7-m/nofp/libc.a(lib_a-memset.o)
 .debug_line    0x000000000000ab8a      0x1ab /usr/lib/gcc/arm-none-eabi/10.3.1/../../../arm-none-eabi/lib/thumb/v7-m/nofp/libc.a(lib_a-__atexit.o)
 .debug_line    0x000000000000ad35      0x297 /usr/lib/gcc/arm-none-eabi/10.3.1/../../../arm-none-eabi/lib/thumb/v7-m/nofp/libc.a(lib_a-__call_atexit.o)

.debug_str      0x0000000000000000     0x31ac
 .debug_str     0x0000000000000000      0x5bd CMakeFiles/test5.elf.dir/Core/Src/dma.c.obj
                                        0x5f6 (size before relaxing)
 .debug_str     0x00000000000005bd       0x41 CMakeFiles/test5.elf.dir/Core/Src/gpio.c.obj
                                        0x217 (size before relaxing)
 .debug_str     0x00000000000005fe      0x5ef CMakeFiles/test5.elf.dir/Core/Src/main.c.obj
                                        0x7fa (size before relaxing)
 .debug_str     0x0000000000000bed      0x274 CMakeFiles/test5.elf.dir/Core/Src/spi.c.obj
                                        0x6d7 (size before relaxing)
 .debug_str     0x0000000000000e61       0x7b CMakeFiles/test5.elf.dir/Core/Src/stm32f1xx_hal_msp.c.obj
                                        0x251 (size before relaxing)
 .debug_str     0x0000000000000edc      0x17a CMakeFiles/test5.elf.dir/Core/Src/stm32f1xx_it.c.obj
                                        0x703 (size before relaxing)
 .debug_str     0x0000000000001056       0xf3 CMakeFiles/test5.elf.dir/Core/Src/system_stm32f1xx.c.obj
                                        0x2da (size before relaxing)
 .debug_str     0x0000000000001149       0x86 CMakeFiles/test5.elf.dir/Core/Src/usart.c.obj
                                        0xb1b (size before relaxing)
 .debug_str     0x00000000000011cf       0x55 CMakeFiles/test5.elf.dir/Core/Startup/startup_stm32f103rctx.s.obj
                                         0x8b (size before relaxing)
 .debug_str     0x0000000000001224      0x325 CMakeFiles/test5.elf.dir/Drivers/STM32F1xx_HAL_Driver/Src/stm32f1xx_hal.c.obj
                                        0x93a (size before relaxing)
 .debug_str     0x0000000000001549      0x361 CMakeFiles/test5.elf.dir/Drivers/STM32F1xx_HAL_Driver/Src/stm32f1xx_hal_cortex.c.obj
                                        0x9d5 (size before relaxing)
 .debug_str     0x00000000000018aa      0x236 CMakeFiles/test5.elf.dir/Drivers/STM32F1xx_HAL_Driver/Src/stm32f1xx_hal_dma.c.obj
                                        0x62f (size before relaxing)
 .debug_str     0x0000000000001ae0      0x164 CMakeFiles/test5.elf.dir/Drivers/STM32F1xx_HAL_Driver/Src/stm32f1xx_hal_gpio.c.obj
                                        0x427 (size before relaxing)
 .debug_str     0x0000000000001c44      0x215 CMakeFiles/test5.elf.dir/Drivers/STM32F1xx_HAL_Driver/Src/stm32f1xx_hal_rcc.c.obj
                                        0x648 (size before relaxing)
 .debug_str     0x0000000000001e59      0x543 CMakeFiles/test5.elf.dir/Drivers/STM32F1xx_HAL_Driver/Src/stm32f1xx_hal_spi.c.obj
                                        0xb84 (size before relaxing)
 .debug_str     0x000000000000239c      0x5c5 CMakeFiles/test5.elf.dir/Drivers/STM32F1xx_HAL_Driver/Src/stm32f1xx_hal_uart.c.obj
                                        0xd11 (size before relaxing)
 .debug_str     0x0000000000002961      0x140 /usr/lib/gcc/arm-none-eabi/10.3.1/../../../arm-none-eabi/lib/thumb/v7-m/nofp/libc.a(lib_a-atexit.o)
                                        0x1dc (size before relaxing)
 .debug_str     0x0000000000002aa1       0xc4 /usr/lib/gcc/arm-none-eabi/10.3.1/../../../arm-none-eabi/lib/thumb/v7-m/nofp/libc.a(lib_a-fini.o)
                                        0x1d4 (size before relaxing)
 .debug_str     0x0000000000002b65      0x44f /usr/lib/gcc/arm-none-eabi/10.3.1/../../../arm-none-eabi/lib/thumb/v7-m/nofp/libc.a(lib_a-impure.o)
                                        0x57a (size before relaxing)
 .debug_str     0x0000000000002fb4       0x96 /usr/lib/gcc/arm-none-eabi/10.3.1/../../../arm-none-eabi/lib/thumb/v7-m/nofp/libc.a(lib_a-init.o)
                                        0x1fe (size before relaxing)
 .debug_str     0x000000000000304a       0x9a /usr/lib/gcc/arm-none-eabi/10.3.1/../../../arm-none-eabi/lib/thumb/v7-m/nofp/libc.a(lib_a-memset.o)
                                        0x1b3 (size before relaxing)
 .debug_str     0x00000000000030e4       0x3b /usr/lib/gcc/arm-none-eabi/10.3.1/../../../arm-none-eabi/lib/thumb/v7-m/nofp/libc.a(lib_a-__atexit.o)
                                        0x5b4 (size before relaxing)
 .debug_str     0x000000000000311f       0x8d /usr/lib/gcc/arm-none-eabi/10.3.1/../../../arm-none-eabi/lib/thumb/v7-m/nofp/libc.a(lib_a-__call_atexit.o)
                                        0x5e0 (size before relaxing)

.debug_frame    0x0000000000000000     0x1648
 .debug_frame   0x0000000000000000       0x2c CMakeFiles/test5.elf.dir/Core/Src/dma.c.obj
 .debug_frame   0x000000000000002c       0x28 CMakeFiles/test5.elf.dir/Core/Src/gpio.c.obj
 .debug_frame   0x0000000000000054       0x74 CMakeFiles/test5.elf.dir/Core/Src/main.c.obj
 .debug_frame   0x00000000000000c8       0x60 CMakeFiles/test5.elf.dir/Core/Src/spi.c.obj
 .debug_frame   0x0000000000000128       0x28 CMakeFiles/test5.elf.dir/Core/Src/stm32f1xx_hal_msp.c.obj
 .debug_frame   0x0000000000000150      0x108 CMakeFiles/test5.elf.dir/Core/Src/stm32f1xx_it.c.obj
 .debug_frame   0x0000000000000258       0x30 CMakeFiles/test5.elf.dir/Core/Src/system_stm32f1xx.c.obj
 .debug_frame   0x0000000000000288       0x64 CMakeFiles/test5.elf.dir/Core/Src/usart.c.obj
 .debug_frame   0x00000000000002ec      0x1cc CMakeFiles/test5.elf.dir/Drivers/STM32F1xx_HAL_Driver/Src/stm32f1xx_hal.c.obj
 .debug_frame   0x00000000000004b8      0x118 CMakeFiles/test5.elf.dir/Drivers/STM32F1xx_HAL_Driver/Src/stm32f1xx_hal_cortex.c.obj
 .debug_frame   0x00000000000005d0      0x140 CMakeFiles/test5.elf.dir/Drivers/STM32F1xx_HAL_Driver/Src/stm32f1xx_hal_dma.c.obj
 .debug_frame   0x0000000000000710       0xe4 CMakeFiles/test5.elf.dir/Drivers/STM32F1xx_HAL_Driver/Src/stm32f1xx_hal_gpio.c.obj
 .debug_frame   0x00000000000007f4      0x184 CMakeFiles/test5.elf.dir/Drivers/STM32F1xx_HAL_Driver/Src/stm32f1xx_hal_rcc.c.obj
 .debug_frame   0x0000000000000978      0x5c8 CMakeFiles/test5.elf.dir/Drivers/STM32F1xx_HAL_Driver/Src/stm32f1xx_hal_spi.c.obj
 .debug_frame   0x0000000000000f40      0x5e0 CMakeFiles/test5.elf.dir/Drivers/STM32F1xx_HAL_Driver/Src/stm32f1xx_hal_uart.c.obj
 .debug_frame   0x0000000000001520       0x20 /usr/lib/gcc/arm-none-eabi/10.3.1/../../../arm-none-eabi/lib/thumb/v7-m/nofp/libc.a(lib_a-atexit.o)
 .debug_frame   0x0000000000001540       0x34 /usr/lib/gcc/arm-none-eabi/10.3.1/../../../arm-none-eabi/lib/thumb/v7-m/nofp/libc.a(lib_a-fini.o)
 .debug_frame   0x0000000000001574       0x2c /usr/lib/gcc/arm-none-eabi/10.3.1/../../../arm-none-eabi/lib/thumb/v7-m/nofp/libc.a(lib_a-init.o)
 .debug_frame   0x00000000000015a0       0x2c /usr/lib/gcc/arm-none-eabi/10.3.1/../../../arm-none-eabi/lib/thumb/v7-m/nofp/libc.a(lib_a-memset.o)
 .debug_frame   0x00000000000015cc       0x2c /usr/lib/gcc/arm-none-eabi/10.3.1/../../../arm-none-eabi/lib/thumb/v7-m/nofp/libc.a(lib_a-__atexit.o)
 .debug_frame   0x00000000000015f8       0x50 /usr/lib/gcc/arm-none-eabi/10.3.1/../../../arm-none-eabi/lib/thumb/v7-m/nofp/libc.a(lib_a-__call_atexit.o)

.debug_loc      0x0000000000000000     0x85ca
 .debug_loc     0x0000000000000000       0x84 CMakeFiles/test5.elf.dir/Core/Src/main.c.obj
 .debug_loc     0x0000000000000084       0x71 CMakeFiles/test5.elf.dir/Core/Src/spi.c.obj
 .debug_loc     0x00000000000000f5       0x15 CMakeFiles/test5.elf.dir/Core/Src/stm32f1xx_hal_msp.c.obj
 .debug_loc     0x000000000000010a       0xff CMakeFiles/test5.elf.dir/Core/Src/system_stm32f1xx.c.obj
 .debug_loc     0x0000000000000209       0x71 CMakeFiles/test5.elf.dir/Core/Src/usart.c.obj
 .debug_loc     0x000000000000027a      0x141 CMakeFiles/test5.elf.dir/Drivers/STM32F1xx_HAL_Driver/Src/stm32f1xx_hal.c.obj
 .debug_loc     0x00000000000003bb      0x71f CMakeFiles/test5.elf.dir/Drivers/STM32F1xx_HAL_Driver/Src/stm32f1xx_hal_cortex.c.obj
 .debug_loc     0x0000000000000ada      0x7ce CMakeFiles/test5.elf.dir/Drivers/STM32F1xx_HAL_Driver/Src/stm32f1xx_hal_dma.c.obj
 .debug_loc     0x00000000000012a8      0x47d CMakeFiles/test5.elf.dir/Drivers/STM32F1xx_HAL_Driver/Src/stm32f1xx_hal_gpio.c.obj
 .debug_loc     0x0000000000001725      0x618 CMakeFiles/test5.elf.dir/Drivers/STM32F1xx_HAL_Driver/Src/stm32f1xx_hal_rcc.c.obj
 .debug_loc     0x0000000000001d3d     0x1b69 CMakeFiles/test5.elf.dir/Drivers/STM32F1xx_HAL_Driver/Src/stm32f1xx_hal_spi.c.obj
 .debug_loc     0x00000000000038a6     0x46bb CMakeFiles/test5.elf.dir/Drivers/STM32F1xx_HAL_Driver/Src/stm32f1xx_hal_uart.c.obj
 .debug_loc     0x0000000000007f61       0x32 /usr/lib/gcc/arm-none-eabi/10.3.1/../../../arm-none-eabi/lib/thumb/v7-m/nofp/libc.a(lib_a-atexit.o)
 .debug_loc     0x0000000000007f93       0x68 /usr/lib/gcc/arm-none-eabi/10.3.1/../../../arm-none-eabi/lib/thumb/v7-m/nofp/libc.a(lib_a-fini.o)
 .debug_loc     0x0000000000007ffb       0xba /usr/lib/gcc/arm-none-eabi/10.3.1/../../../arm-none-eabi/lib/thumb/v7-m/nofp/libc.a(lib_a-init.o)
 .debug_loc     0x00000000000080b5      0x22c /usr/lib/gcc/arm-none-eabi/10.3.1/../../../arm-none-eabi/lib/thumb/v7-m/nofp/libc.a(lib_a-memset.o)
 .debug_loc     0x00000000000082e1      0x13b /usr/lib/gcc/arm-none-eabi/10.3.1/../../../arm-none-eabi/lib/thumb/v7-m/nofp/libc.a(lib_a-__atexit.o)
 .debug_loc     0x000000000000841c      0x1ae /usr/lib/gcc/arm-none-eabi/10.3.1/../../../arm-none-eabi/lib/thumb/v7-m/nofp/libc.a(lib_a-__call_atexit.o)
